# serializer version: 1
# name: test_entity_inventory_snapshot[entity_registry]
  dict({
    'binary_sensor.pool_heatpump_antifreeze_fault': EntityRegistryEntrySnapshot({
      'aliases': list([
        None,
      ]),
      'area_id': None,
      'capabilities': None,
      'config_entry_id': <ANY>,
      'config_subentry_id': <ANY>,
      'device_class': None,
      'device_id': <ANY>,
      'disabled_by': None,
      'domain': 'binary_sensor',
      'entity_category': <EntityCategory.DIAGNOSTIC: 'diagnostic'>,
      'entity_id': 'binary_sensor.pool_heatpump_antifreeze_fault',
      'has_entity_name': True,
      'hidden_by': None,
      'icon': None,
      'id': <ANY>,
      'labels': set({
      }),
      'name': None,
      'object_id_base': 'Antifreeze fault',
      'options': dict({
      }),
      'original_device_class': <BinarySensorDeviceClass.PROBLEM: 'problem'>,
      'original_icon': None,
      'original_name': 'Antifreeze fault',
      'platform': 'poolex_silverline',
      'previous_unique_id': None,
      'suggested_object_id': None,
      'supported_features': 0,
      'translation_key': 'fault_antifreeze',
      'unique_id': 'bf12345678abcdefghijkl_fault_antifreeze',
      'unit_of_measurement': None,
    }),
    'binary_sensor.pool_heatpump_communication_fault': EntityRegistryEntrySnapshot({
      'aliases': list([
        None,
      ]),
      'area_id': None,
      'capabilities': None,
      'config_entry_id': <ANY>,
      'config_subentry_id': <ANY>,
      'device_class': None,
      'device_id': <ANY>,
      'disabled_by': None,
      'domain': 'binary_sensor',
      'entity_category': <EntityCategory.DIAGNOSTIC: 'diagnostic'>,
      'entity_id': 'binary_sensor.pool_heatpump_communication_fault',
      'has_entity_name': True,
      'hidden_by': None,
      'icon': None,
      'id': <ANY>,
      'labels': set({
      }),
      'name': None,
      'object_id_base': 'Communication fault',
      'options': dict({
      }),
      'original_device_class': <BinarySensorDeviceClass.PROBLEM: 'problem'>,
      'original_icon': None,
      'original_name': 'Communication fault',
      'platform': 'poolex_silverline',
      'previous_unique_id': None,
      'suggested_object_id': None,
      'supported_features': 0,
      'translation_key': 'fault_communication',
      'unique_id': 'bf12345678abcdefghijkl_fault_communication',
      'unit_of_measurement': None,
    }),
    'binary_sensor.pool_heatpump_compressor': EntityRegistryEntrySnapshot({
      'aliases': list([
        None,
      ]),
      'area_id': None,
      'capabilities': None,
      'config_entry_id': <ANY>,
      'config_subentry_id': <ANY>,
      'device_class': None,
      'device_id': <ANY>,
      'disabled_by': None,
      'domain': 'binary_sensor',
      'entity_category': None,
      'entity_id': 'binary_sensor.pool_heatpump_compressor',
      'has_entity_name': True,
      'hidden_by': None,
      'icon': None,
      'id': <ANY>,
      'labels': set({
      }),
      'name': None,
      'object_id_base': 'Compressor',
      'options': dict({
      }),
      'original_device_class': <BinarySensorDeviceClass.RUNNING: 'running'>,
      'original_icon': None,
      'original_name': 'Compressor',
      'platform': 'poolex_silverline',
      'previous_unique_id': None,
      'suggested_object_id': None,
      'supported_features': 0,
      'translation_key': 'compressor_running',
      'unique_id': 'bf12345678abcdefghijkl_compressor_running',
      'unit_of_measurement': None,
    }),
    'binary_sensor.pool_heatpump_high_pressure_fault': EntityRegistryEntrySnapshot({
      'aliases': list([
        None,
      ]),
      'area_id': None,
      'capabilities': None,
      'config_entry_id': <ANY>,
      'config_subentry_id': <ANY>,
      'device_class': None,
      'device_id': <ANY>,
      'disabled_by': None,
      'domain': 'binary_sensor',
      'entity_category': <EntityCategory.DIAGNOSTIC: 'diagnostic'>,
      'entity_id': 'binary_sensor.pool_heatpump_high_pressure_fault',
      'has_entity_name': True,
      'hidden_by': None,
      'icon': None,
      'id': <ANY>,
      'labels': set({
      }),
      'name': None,
      'object_id_base': 'High pressure fault',
      'options': dict({
      }),
      'original_device_class': <BinarySensorDeviceClass.PROBLEM: 'problem'>,
      'original_icon': None,
      'original_name': 'High pressure fault',
      'platform': 'poolex_silverline',
      'previous_unique_id': None,
      'suggested_object_id': None,
      'supported_features': 0,
      'translation_key': 'fault_high_pressure',
      'unique_id': 'bf12345678abcdefghijkl_fault_high_pressure',
      'unit_of_measurement': None,
    }),
    'binary_sensor.pool_heatpump_low_pressure_fault': EntityRegistryEntrySnapshot({
      'aliases': list([
        None,
      ]),
      'area_id': None,
      'capabilities': None,
      'config_entry_id': <ANY>,
      'config_subentry_id': <ANY>,
      'device_class': None,
      'device_id': <ANY>,
      'disabled_by': None,
      'domain': 'binary_sensor',
      'entity_category': <EntityCategory.DIAGNOSTIC: 'diagnostic'>,
      'entity_id': 'binary_sensor.pool_heatpump_low_pressure_fault',
      'has_entity_name': True,
      'hidden_by': None,
      'icon': None,
      'id': <ANY>,
      'labels': set({
      }),
      'name': None,
      'object_id_base': 'Low pressure fault',
      'options': dict({
      }),
      'original_device_class': <BinarySensorDeviceClass.PROBLEM: 'problem'>,
      'original_icon': None,
      'original_name': 'Low pressure fault',
      'platform': 'poolex_silverline',
      'previous_unique_id': None,
      'suggested_object_id': None,
      'supported_features': 0,
      'translation_key': 'fault_low_pressure',
      'unique_id': 'bf12345678abcdefghijkl_fault_low_pressure',
      'unit_of_measurement': None,
    }),
    'binary_sensor.pool_heatpump_water_flow_fault': EntityRegistryEntrySnapshot({
      'aliases': list([
        None,
      ]),
      'area_id': None,
      'capabilities': None,
      'config_entry_id': <ANY>,
      'config_subentry_id': <ANY>,
      'device_class': None,
      'device_id': <ANY>,
      'disabled_by': None,
      'domain': 'binary_sensor',
      'entity_category': <EntityCategory.DIAGNOSTIC: 'diagnostic'>,
      'entity_id': 'binary_sensor.pool_heatpump_water_flow_fault',
      'has_entity_name': True,
      'hidden_by': None,
      'icon': None,
      'id': <ANY>,
      'labels': set({
      }),
      'name': None,
      'object_id_base': 'Water flow fault',
      'options': dict({
      }),
      'original_device_class': <BinarySensorDeviceClass.PROBLEM: 'problem'>,
      'original_icon': None,
      'original_name': 'Water flow fault',
      'platform': 'poolex_silverline',
      'previous_unique_id': None,
      'suggested_object_id': None,
      'supported_features': 0,
      'translation_key': 'fault_water_flow',
      'unique_id': 'bf12345678abcdefghijkl_fault_water_flow',
      'unit_of_measurement': None,
    }),
    'binary_sensor.pool_heatpump_water_pump': EntityRegistryEntrySnapshot({
      'aliases': list([
        None,
      ]),
      'area_id': None,
      'capabilities': None,
      'config_entry_id': <ANY>,
      'config_subentry_id': <ANY>,
      'device_class': None,
      'device_id': <ANY>,
      'disabled_by': None,
      'domain': 'binary_sensor',
      'entity_category': None,
      'entity_id': 'binary_sensor.pool_heatpump_water_pump',
      'has_entity_name': True,
      'hidden_by': None,
      'icon': None,
      'id': <ANY>,
      'labels': set({
      }),
      'name': None,
      'object_id_base': 'Water pump',
      'options': dict({
      }),
      'original_device_class': <BinarySensorDeviceClass.RUNNING: 'running'>,
      'original_icon': None,
      'original_name': 'Water pump',
      'platform': 'poolex_silverline',
      'previous_unique_id': None,
      'suggested_object_id': None,
      'supported_features': 0,
      'translation_key': 'water_pump',
      'unique_id': 'bf12345678abcdefghijkl_water_pump',
      'unit_of_measurement': None,
    }),
    'climate.pool_heatpump': EntityRegistryEntrySnapshot({
      'aliases': list([
        None,
      ]),
      'area_id': None,
      'capabilities': dict({
        'hvac_modes': list([
          <HVACMode.OFF: 'off'>,
          <HVACMode.HEAT: 'heat'>,
          <HVACMode.COOL: 'cool'>,
          <HVACMode.HEAT_COOL: 'heat_cool'>,
        ]),
        'max_temp': 40,
        'min_temp': 15,
        'preset_modes': list([
          'none',
          'boost',
          'eco',
        ]),
        'target_temp_step': 1,
      }),
      'config_entry_id': <ANY>,
      'config_subentry_id': <ANY>,
      'device_class': None,
      'device_id': <ANY>,
      'disabled_by': None,
      'domain': 'climate',
      'entity_category': None,
      'entity_id': 'climate.pool_heatpump',
      'has_entity_name': True,
      'hidden_by': None,
      'icon': None,
      'id': <ANY>,
      'labels': set({
      }),
      'name': None,
      'object_id_base': None,
      'options': dict({
      }),
      'original_device_class': None,
      'original_icon': None,
      'original_name': None,
      'platform': 'poolex_silverline',
      'previous_unique_id': None,
      'suggested_object_id': None,
      'supported_features': <ClimateEntityFeature: 401>,
      'translation_key': 'heatpump',
      'unique_id': 'bf12345678abcdefghijkl_climate',
      'unit_of_measurement': None,
    }),
    'number.pool_heatpump_target_temperature': EntityRegistryEntrySnapshot({
      'aliases': list([
        None,
      ]),
      'area_id': None,
      'capabilities': dict({
        'max': 40.0,
        'min': 15.0,
        'mode': <NumberMode.SLIDER: 'slider'>,
        'step': 1.0,
      }),
      'config_entry_id': <ANY>,
      'config_subentry_id': <ANY>,
      'device_class': None,
      'device_id': <ANY>,
      'disabled_by': None,
      'domain': 'number',
      'entity_category': None,
      'entity_id': 'number.pool_heatpump_target_temperature',
      'has_entity_name': True,
      'hidden_by': None,
      'icon': None,
      'id': <ANY>,
      'labels': set({
      }),
      'name': None,
      'object_id_base': 'Target temperature',
      'options': dict({
      }),
      'original_device_class': None,
      'original_icon': None,
      'original_name': 'Target temperature',
      'platform': 'poolex_silverline',
      'previous_unique_id': None,
      'suggested_object_id': None,
      'supported_features': 0,
      'translation_key': 'target_temperature',
      'unique_id': 'bf12345678abcdefghijkl_target_temperature',
      'unit_of_measurement': <UnitOfTemperature.CELSIUS: '°C'>,
    }),
    'select.pool_heatpump_operating_mode': EntityRegistryEntrySnapshot({
      'aliases': list([
        None,
      ]),
      'area_id': None,
      'capabilities': dict({
        'options': list([
          'off',
          'heat',
          'cool',
          'heat_cool',
        ]),
      }),
      'config_entry_id': <ANY>,
      'config_subentry_id': <ANY>,
      'device_class': None,
      'device_id': <ANY>,
      'disabled_by': None,
      'domain': 'select',
      'entity_category': None,
      'entity_id': 'select.pool_heatpump_operating_mode',
      'has_entity_name': True,
      'hidden_by': None,
      'icon': None,
      'id': <ANY>,
      'labels': set({
      }),
      'name': None,
      'object_id_base': 'Operating mode',
      'options': dict({
      }),
      'original_device_class': None,
      'original_icon': None,
      'original_name': 'Operating mode',
      'platform': 'poolex_silverline',
      'previous_unique_id': None,
      'suggested_object_id': None,
      'supported_features': 0,
      'translation_key': 'operating_mode',
      'unique_id': 'bf12345678abcdefghijkl_operating_mode',
      'unit_of_measurement': None,
    }),
    'select.pool_heatpump_preset': EntityRegistryEntrySnapshot({
      'aliases': list([
        None,
      ]),
      'area_id': None,
      'capabilities': dict({
        'options': list([
          'none',
          'boost',
          'eco',
        ]),
      }),
      'config_entry_id': <ANY>,
      'config_subentry_id': <ANY>,
      'device_class': None,
      'device_id': <ANY>,
      'disabled_by': None,
      'domain': 'select',
      'entity_category': None,
      'entity_id': 'select.pool_heatpump_preset',
      'has_entity_name': True,
      'hidden_by': None,
      'icon': None,
      'id': <ANY>,
      'labels': set({
      }),
      'name': None,
      'object_id_base': 'Preset',
      'options': dict({
      }),
      'original_device_class': None,
      'original_icon': None,
      'original_name': 'Preset',
      'platform': 'poolex_silverline',
      'previous_unique_id': None,
      'suggested_object_id': None,
      'supported_features': 0,
      'translation_key': 'preset_mode',
      'unique_id': 'bf12345678abcdefghijkl_preset_mode',
      'unit_of_measurement': None,
    }),
    'sensor.pool_heatpump_compressor_actual_frequency': EntityRegistryEntrySnapshot({
      'aliases': list([
        None,
      ]),
      'area_id': None,
      'capabilities': dict({
        'state_class': <SensorStateClass.MEASUREMENT: 'measurement'>,
      }),
      'config_entry_id': <ANY>,
      'config_subentry_id': <ANY>,
      'device_class': None,
      'device_id': <ANY>,
      'disabled_by': None,
      'domain': 'sensor',
      'entity_category': <EntityCategory.DIAGNOSTIC: 'diagnostic'>,
      'entity_id': 'sensor.pool_heatpump_compressor_actual_frequency',
      'has_entity_name': True,
      'hidden_by': None,
      'icon': None,
      'id': <ANY>,
      'labels': set({
      }),
      'name': None,
      'object_id_base': 'Compressor actual frequency',
      'options': dict({
        'sensor': dict({
          'suggested_display_precision': 0,
        }),
      }),
      'original_device_class': <SensorDeviceClass.FREQUENCY: 'frequency'>,
      'original_icon': None,
      'original_name': 'Compressor actual frequency',
      'platform': 'poolex_silverline',
      'previous_unique_id': None,
      'suggested_object_id': None,
      'supported_features': 0,
      'translation_key': 'actual_frequency',
      'unique_id': 'bf12345678abcdefghijkl_actual_frequency',
      'unit_of_measurement': <UnitOfFrequency.HERTZ: 'Hz'>,
    }),
    'sensor.pool_heatpump_compressor_exhaust_temperature': EntityRegistryEntrySnapshot({
      'aliases': list([
        None,
      ]),
      'area_id': None,
      'capabilities': dict({
        'state_class': <SensorStateClass.MEASUREMENT: 'measurement'>,
      }),
      'config_entry_id': <ANY>,
      'config_subentry_id': <ANY>,
      'device_class': None,
      'device_id': <ANY>,
      'disabled_by': None,
      'domain': 'sensor',
      'entity_category': <EntityCategory.DIAGNOSTIC: 'diagnostic'>,
      'entity_id': 'sensor.pool_heatpump_compressor_exhaust_temperature',
      'has_entity_name': True,
      'hidden_by': None,
      'icon': None,
      'id': <ANY>,
      'labels': set({
      }),
      'name': None,
      'object_id_base': 'Compressor exhaust temperature',
      'options': dict({
        'sensor': dict({
          'suggested_display_precision': 1,
        }),
      }),
      'original_device_class': <SensorDeviceClass.TEMPERATURE: 'temperature'>,
      'original_icon': None,
      'original_name': 'Compressor exhaust temperature',
      'platform': 'poolex_silverline',
      'previous_unique_id': None,
      'suggested_object_id': None,
      'supported_features': 0,
      'translation_key': 'exhaust_temperature',
      'unique_id': 'bf12345678abcdefghijkl_exhaust_temperature',
      'unit_of_measurement': <UnitOfTemperature.CELSIUS: '°C'>,
    }),
    'sensor.pool_heatpump_compressor_return_temperature': EntityRegistryEntrySnapshot({
      'aliases': list([
        None,
      ]),
      'area_id': None,
      'capabilities': dict({
        'state_class': <SensorStateClass.MEASUREMENT: 'measurement'>,
      }),
      'config_entry_id': <ANY>,
      'config_subentry_id': <ANY>,
      'device_class': None,
      'device_id': <ANY>,
      'disabled_by': None,
      'domain': 'sensor',
      'entity_category': <EntityCategory.DIAGNOSTIC: 'diagnostic'>,
      'entity_id': 'sensor.pool_heatpump_compressor_return_temperature',
      'has_entity_name': True,
      'hidden_by': None,
      'icon': None,
      'id': <ANY>,
      'labels': set({
      }),
      'name': None,
      'object_id_base': 'Compressor return temperature',
      'options': dict({
        'sensor': dict({
          'suggested_display_precision': 1,
        }),
      }),
      'original_device_class': <SensorDeviceClass.TEMPERATURE: 'temperature'>,
      'original_icon': None,
      'original_name': 'Compressor return temperature',
      'platform': 'poolex_silverline',
      'previous_unique_id': None,
      'suggested_object_id': None,
      'supported_features': 0,
      'translation_key': 'return_temperature',
      'unique_id': 'bf12345678abcdefghijkl_return_temperature',
      'unit_of_measurement': <UnitOfTemperature.CELSIUS: '°C'>,
    }),
    'sensor.pool_heatpump_compressor_target_frequency': EntityRegistryEntrySnapshot({
      'aliases': list([
        None,
      ]),
      'area_id': None,
      'capabilities': dict({
        'state_class': <SensorStateClass.MEASUREMENT: 'measurement'>,
      }),
      'config_entry_id': <ANY>,
      'config_subentry_id': <ANY>,
      'device_class': None,
      'device_id': <ANY>,
      'disabled_by': <RegistryEntryDisabler.INTEGRATION: 'integration'>,
      'domain': 'sensor',
      'entity_category': <EntityCategory.DIAGNOSTIC: 'diagnostic'>,
      'entity_id': 'sensor.pool_heatpump_compressor_target_frequency',
      'has_entity_name': True,
      'hidden_by': None,
      'icon': None,
      'id': <ANY>,
      'labels': set({
      }),
      'name': None,
      'object_id_base': 'Compressor target frequency',
      'options': dict({
      }),
      'original_device_class': <SensorDeviceClass.FREQUENCY: 'frequency'>,
      'original_icon': None,
      'original_name': 'Compressor target frequency',
      'platform': 'poolex_silverline',
      'previous_unique_id': None,
      'suggested_object_id': None,
      'supported_features': 0,
      'translation_key': 'target_frequency',
      'unique_id': 'bf12345678abcdefghijkl_target_frequency',
      'unit_of_measurement': <UnitOfFrequency.HERTZ: 'Hz'>,
    }),
    'sensor.pool_heatpump_eev_steps': EntityRegistryEntrySnapshot({
      'aliases': list([
        None,
      ]),
      'area_id': None,
      'capabilities': dict({
        'state_class': <SensorStateClass.MEASUREMENT: 'measurement'>,
      }),
      'config_entry_id': <ANY>,
      'config_subentry_id': <ANY>,
      'device_class': None,
      'device_id': <ANY>,
      'disabled_by': <RegistryEntryDisabler.INTEGRATION: 'integration'>,
      'domain': 'sensor',
      'entity_category': <EntityCategory.DIAGNOSTIC: 'diagnostic'>,
      'entity_id': 'sensor.pool_heatpump_eev_steps',
      'has_entity_name': True,
      'hidden_by': None,
      'icon': None,
      'id': <ANY>,
      'labels': set({
      }),
      'name': None,
      'object_id_base': 'EEV steps',
      'options': dict({
      }),
      'original_device_class': None,
      'original_icon': None,
      'original_name': 'EEV steps',
      'platform': 'poolex_silverline',
      'previous_unique_id': None,
      'suggested_object_id': None,
      'supported_features': 0,
      'translation_key': 'eev_steps',
      'unique_id': 'bf12345678abcdefghijkl_eev_steps',
      'unit_of_measurement': 'steps',
    }),
    'sensor.pool_heatpump_evaporator_coil_temperature': EntityRegistryEntrySnapshot({
      'aliases': list([
        None,
      ]),
      'area_id': None,
      'capabilities': dict({
        'state_class': <SensorStateClass.MEASUREMENT: 'measurement'>,
      }),
      'config_entry_id': <ANY>,
      'config_subentry_id': <ANY>,
      'device_class': None,
      'device_id': <ANY>,
      'disabled_by': None,
      'domain': 'sensor',
      'entity_category': <EntityCategory.DIAGNOSTIC: 'diagnostic'>,
      'entity_id': 'sensor.pool_heatpump_evaporator_coil_temperature',
      'has_entity_name': True,
      'hidden_by': None,
      'icon': None,
      'id': <ANY>,
      'labels': set({
      }),
      'name': None,
      'object_id_base': 'Evaporator coil temperature',
      'options': dict({
        'sensor': dict({
          'suggested_display_precision': 1,
        }),
      }),
      'original_device_class': <SensorDeviceClass.TEMPERATURE: 'temperature'>,
      'original_icon': None,
      'original_name': 'Evaporator coil temperature',
      'platform': 'poolex_silverline',
      'previous_unique_id': None,
      'suggested_object_id': None,
      'supported_features': 0,
      'translation_key': 'coil_temperature',
      'unique_id': 'bf12345678abcdefghijkl_coil_temperature',
      'unit_of_measurement': <UnitOfTemperature.CELSIUS: '°C'>,
    }),
    'sensor.pool_heatpump_fan_speed': EntityRegistryEntrySnapshot({
      'aliases': list([
        None,
      ]),
      'area_id': None,
      'capabilities': dict({
        'state_class': <SensorStateClass.MEASUREMENT: 'measurement'>,
      }),
      'config_entry_id': <ANY>,
      'config_subentry_id': <ANY>,
      'device_class': None,
      'device_id': <ANY>,
      'disabled_by': <RegistryEntryDisabler.INTEGRATION: 'integration'>,
      'domain': 'sensor',
      'entity_category': <EntityCategory.DIAGNOSTIC: 'diagnostic'>,
      'entity_id': 'sensor.pool_heatpump_fan_speed',
      'has_entity_name': True,
      'hidden_by': None,
      'icon': None,
      'id': <ANY>,
      'labels': set({
      }),
      'name': None,
      'object_id_base': 'Fan speed',
      'options': dict({
      }),
      'original_device_class': None,
      'original_icon': None,
      'original_name': 'Fan speed',
      'platform': 'poolex_silverline',
      'previous_unique_id': None,
      'suggested_object_id': None,
      'supported_features': 0,
      'translation_key': 'fan_speed',
      'unique_id': 'bf12345678abcdefghijkl_fan_speed',
      'unit_of_measurement': 'rpm',
    }),
    'sensor.pool_heatpump_fault_code': EntityRegistryEntrySnapshot({
      'aliases': list([
        None,
      ]),
      'area_id': None,
      'capabilities': dict({
        'options': list([
          'none',
          'E03',
          'E04',
          'E05',
          'E06',
          'E09',
          'E10',
          'P3',
          'P4',
          'P1',
          'P7',
          'unknown',
        ]),
      }),
      'config_entry_id': <ANY>,
      'config_subentry_id': <ANY>,
      'device_class': None,
      'device_id': <ANY>,
      'disabled_by': None,
      'domain': 'sensor',
      'entity_category': <EntityCategory.DIAGNOSTIC: 'diagnostic'>,
      'entity_id': 'sensor.pool_heatpump_fault_code',
      'has_entity_name': True,
      'hidden_by': None,
      'icon': None,
      'id': <ANY>,
      'labels': set({
      }),
      'name': None,
      'object_id_base': 'Fault code',
      'options': dict({
      }),
      'original_device_class': <SensorDeviceClass.ENUM: 'enum'>,
      'original_icon': None,
      'original_name': 'Fault code',
      'platform': 'poolex_silverline',
      'previous_unique_id': None,
      'suggested_object_id': None,
      'supported_features': 0,
      'translation_key': 'fault_code',
      'unique_id': 'bf12345678abcdefghijkl_fault_code',
      'unit_of_measurement': None,
    }),
    'sensor.pool_heatpump_outdoor_ambient_temperature': EntityRegistryEntrySnapshot({
      'aliases': list([
        None,
      ]),
      'area_id': None,
      'capabilities': dict({
        'state_class': <SensorStateClass.MEASUREMENT: 'measurement'>,
      }),
      'config_entry_id': <ANY>,
      'config_subentry_id': <ANY>,
      'device_class': None,
      'device_id': <ANY>,
      'disabled_by': None,
      'domain': 'sensor',
      'entity_category': <EntityCategory.DIAGNOSTIC: 'diagnostic'>,
      'entity_id': 'sensor.pool_heatpump_outdoor_ambient_temperature',
      'has_entity_name': True,
      'hidden_by': None,
      'icon': None,
      'id': <ANY>,
      'labels': set({
      }),
      'name': None,
      'object_id_base': 'Outdoor ambient temperature',
      'options': dict({
        'sensor': dict({
          'suggested_display_precision': 1,
        }),
      }),
      'original_device_class': <SensorDeviceClass.TEMPERATURE: 'temperature'>,
      'original_icon': None,
      'original_name': 'Outdoor ambient temperature',
      'platform': 'poolex_silverline',
      'previous_unique_id': None,
      'suggested_object_id': None,
      'supported_features': 0,
      'translation_key': 'ambient_temperature',
      'unique_id': 'bf12345678abcdefghijkl_ambient_temperature',
      'unit_of_measurement': <UnitOfTemperature.CELSIUS: '°C'>,
    }),
    'sensor.pool_heatpump_runtime_today': EntityRegistryEntrySnapshot({
      'aliases': list([
        None,
      ]),
      'area_id': None,
      'capabilities': dict({
        'state_class': <SensorStateClass.TOTAL_INCREASING: 'total_increasing'>,
      }),
      'config_entry_id': <ANY>,
      'config_subentry_id': <ANY>,
      'device_class': None,
      'device_id': <ANY>,
      'disabled_by': None,
      'domain': 'sensor',
      'entity_category': <EntityCategory.DIAGNOSTIC: 'diagnostic'>,
      'entity_id': 'sensor.pool_heatpump_runtime_today',
      'has_entity_name': True,
      'hidden_by': None,
      'icon': None,
      'id': <ANY>,
      'labels': set({
      }),
      'name': None,
      'object_id_base': 'Runtime today',
      'options': dict({
        'sensor': dict({
          'suggested_display_precision': 2,
        }),
      }),
      'original_device_class': <SensorDeviceClass.DURATION: 'duration'>,
      'original_icon': None,
      'original_name': 'Runtime today',
      'platform': 'poolex_silverline',
      'previous_unique_id': None,
      'suggested_object_id': None,
      'supported_features': 0,
      'translation_key': 'runtime_today',
      'unique_id': 'bf12345678abcdefghijkl_runtime_today',
      'unit_of_measurement': <UnitOfTime.SECONDS: 's'>,
    }),
    'sensor.pool_heatpump_temperature_delta': EntityRegistryEntrySnapshot({
      'aliases': list([
        None,
      ]),
      'area_id': None,
      'capabilities': dict({
        'state_class': <SensorStateClass.MEASUREMENT: 'measurement'>,
      }),
      'config_entry_id': <ANY>,
      'config_subentry_id': <ANY>,
      'device_class': None,
      'device_id': <ANY>,
      'disabled_by': None,
      'domain': 'sensor',
      'entity_category': None,
      'entity_id': 'sensor.pool_heatpump_temperature_delta',
      'has_entity_name': True,
      'hidden_by': None,
      'icon': None,
      'id': <ANY>,
      'labels': set({
      }),
      'name': None,
      'object_id_base': 'Temperature delta',
      'options': dict({
        'sensor': dict({
          'suggested_display_precision': 1,
        }),
      }),
      'original_device_class': <SensorDeviceClass.TEMPERATURE: 'temperature'>,
      'original_icon': None,
      'original_name': 'Temperature delta',
      'platform': 'poolex_silverline',
      'previous_unique_id': None,
      'suggested_object_id': None,
      'supported_features': 0,
      'translation_key': 'temperature_delta',
      'unique_id': 'bf12345678abcdefghijkl_temperature_delta',
      'unit_of_measurement': <UnitOfTemperature.CELSIUS: '°C'>,
    }),
    'sensor.pool_heatpump_water_inlet_temperature': EntityRegistryEntrySnapshot({
      'aliases': list([
        None,
      ]),
      'area_id': None,
      'capabilities': dict({
        'state_class': <SensorStateClass.MEASUREMENT: 'measurement'>,
      }),
      'config_entry_id': <ANY>,
      'config_subentry_id': <ANY>,
      'device_class': None,
      'device_id': <ANY>,
      'disabled_by': None,
      'domain': 'sensor',
      'entity_category': <EntityCategory.DIAGNOSTIC: 'diagnostic'>,
      'entity_id': 'sensor.pool_heatpump_water_inlet_temperature',
      'has_entity_name': True,
      'hidden_by': None,
      'icon': None,
      'id': <ANY>,
      'labels': set({
      }),
      'name': None,
      'object_id_base': 'Water inlet temperature',
      'options': dict({
        'sensor': dict({
          'suggested_display_precision': 1,
        }),
      }),
      'original_device_class': <SensorDeviceClass.TEMPERATURE: 'temperature'>,
      'original_icon': None,
      'original_name': 'Water inlet temperature',
      'platform': 'poolex_silverline',
      'previous_unique_id': None,
      'suggested_object_id': None,
      'supported_features': 0,
      'translation_key': 'inlet_temperature',
      'unique_id': 'bf12345678abcdefghijkl_inlet_temperature',
      'unit_of_measurement': <UnitOfTemperature.CELSIUS: '°C'>,
    }),
    'sensor.pool_heatpump_water_outlet_temperature': EntityRegistryEntrySnapshot({
      'aliases': list([
        None,
      ]),
      'area_id': None,
      'capabilities': dict({
        'state_class': <SensorStateClass.MEASUREMENT: 'measurement'>,
      }),
      'config_entry_id': <ANY>,
      'config_subentry_id': <ANY>,
      'device_class': None,
      'device_id': <ANY>,
      'disabled_by': None,
      'domain': 'sensor',
      'entity_category': <EntityCategory.DIAGNOSTIC: 'diagnostic'>,
      'entity_id': 'sensor.pool_heatpump_water_outlet_temperature',
      'has_entity_name': True,
      'hidden_by': None,
      'icon': None,
      'id': <ANY>,
      'labels': set({
      }),
      'name': None,
      'object_id_base': 'Water outlet temperature',
      'options': dict({
        'sensor': dict({
          'suggested_display_precision': 1,
        }),
      }),
      'original_device_class': <SensorDeviceClass.TEMPERATURE: 'temperature'>,
      'original_icon': None,
      'original_name': 'Water outlet temperature',
      'platform': 'poolex_silverline',
      'previous_unique_id': None,
      'suggested_object_id': None,
      'supported_features': 0,
      'translation_key': 'outlet_temperature',
      'unique_id': 'bf12345678abcdefghijkl_outlet_temperature',
      'unit_of_measurement': <UnitOfTemperature.CELSIUS: '°C'>,
    }),
    'switch.pool_heatpump_power': EntityRegistryEntrySnapshot({
      'aliases': list([
        None,
      ]),
      'area_id': None,
      'capabilities': None,
      'config_entry_id': <ANY>,
      'config_subentry_id': <ANY>,
      'device_class': None,
      'device_id': <ANY>,
      'disabled_by': None,
      'domain': 'switch',
      'entity_category': None,
      'entity_id': 'switch.pool_heatpump_power',
      'has_entity_name': True,
      'hidden_by': None,
      'icon': None,
      'id': <ANY>,
      'labels': set({
      }),
      'name': None,
      'object_id_base': 'Power',
      'options': dict({
      }),
      'original_device_class': None,
      'original_icon': None,
      'original_name': 'Power',
      'platform': 'poolex_silverline',
      'previous_unique_id': None,
      'suggested_object_id': None,
      'supported_features': 0,
      'translation_key': 'power',
      'unique_id': 'bf12345678abcdefghijkl_power',
      'unit_of_measurement': None,
    }),
  })
# ---
# name: test_entity_inventory_snapshot[entity_states]
  list([
    StateSnapshot({
      'attributes': ReadOnlyDict({
        'device_class': 'problem',
        'friendly_name': 'Pool Heatpump Antifreeze fault',
      }),
      'context': <ANY>,
      'entity_id': 'binary_sensor.pool_heatpump_antifreeze_fault',
      'last_changed': <ANY>,
      'last_reported': <ANY>,
      'last_updated': <ANY>,
      'state': 'off',
    }),
    StateSnapshot({
      'attributes': ReadOnlyDict({
        'device_class': 'problem',
        'friendly_name': 'Pool Heatpump Communication fault',
      }),
      'context': <ANY>,
      'entity_id': 'binary_sensor.pool_heatpump_communication_fault',
      'last_changed': <ANY>,
      'last_reported': <ANY>,
      'last_updated': <ANY>,
      'state': 'off',
    }),
    StateSnapshot({
      'attributes': ReadOnlyDict({
        'device_class': 'running',
        'friendly_name': 'Pool Heatpump Compressor',
      }),
      'context': <ANY>,
      'entity_id': 'binary_sensor.pool_heatpump_compressor',
      'last_changed': <ANY>,
      'last_reported': <ANY>,
      'last_updated': <ANY>,
      'state': 'on',
    }),
    StateSnapshot({
      'attributes': ReadOnlyDict({
        'device_class': 'problem',
        'friendly_name': 'Pool Heatpump High pressure fault',
      }),
      'context': <ANY>,
      'entity_id': 'binary_sensor.pool_heatpump_high_pressure_fault',
      'last_changed': <ANY>,
      'last_reported': <ANY>,
      'last_updated': <ANY>,
      'state': 'off',
    }),
    StateSnapshot({
      'attributes': ReadOnlyDict({
        'device_class': 'problem',
        'friendly_name': 'Pool Heatpump Low pressure fault',
      }),
      'context': <ANY>,
      'entity_id': 'binary_sensor.pool_heatpump_low_pressure_fault',
      'last_changed': <ANY>,
      'last_reported': <ANY>,
      'last_updated': <ANY>,
      'state': 'off',
    }),
    StateSnapshot({
      'attributes': ReadOnlyDict({
        'device_class': 'problem',
        'friendly_name': 'Pool Heatpump Water flow fault',
      }),
      'context': <ANY>,
      'entity_id': 'binary_sensor.pool_heatpump_water_flow_fault',
      'last_changed': <ANY>,
      'last_reported': <ANY>,
      'last_updated': <ANY>,
      'state': 'off',
    }),
    StateSnapshot({
      'attributes': ReadOnlyDict({
        'device_class': 'running',
        'friendly_name': 'Pool Heatpump Water pump',
      }),
      'context': <ANY>,
      'entity_id': 'binary_sensor.pool_heatpump_water_pump',
      'last_changed': <ANY>,
      'last_reported': <ANY>,
      'last_updated': <ANY>,
      'state': 'on',
    }),
    StateSnapshot({
      'attributes': ReadOnlyDict({
        'current_temperature': 26,
        'friendly_name': 'Pool Heatpump',
        'hvac_action': <HVACAction.HEATING: 'heating'>,
        'hvac_modes': list([
          <HVACMode.OFF: 'off'>,
          <HVACMode.HEAT: 'heat'>,
          <HVACMode.COOL: 'cool'>,
          <HVACMode.HEAT_COOL: 'heat_cool'>,
        ]),
        'last_direction': 'heat',
        'last_preset': 'none',
        'max_temp': 40,
        'min_temp': 15,
        'preset_mode': 'none',
        'preset_modes': list([
          'none',
          'boost',
          'eco',
        ]),
        'supported_features': <ClimateEntityFeature: 401>,
        'target_temp_step': 1,
        'temperature': 28,
      }),
      'context': <ANY>,
      'entity_id': 'climate.pool_heatpump',
      'last_changed': <ANY>,
      'last_reported': <ANY>,
      'last_updated': <ANY>,
      'state': 'heat',
    }),
    StateSnapshot({
      'attributes': ReadOnlyDict({
        'friendly_name': 'Pool Heatpump Target temperature',
        'max': 40.0,
        'min': 15.0,
        'mode': <NumberMode.SLIDER: 'slider'>,
        'step': 1.0,
        'unit_of_measurement': <UnitOfTemperature.CELSIUS: '°C'>,
      }),
      'context': <ANY>,
      'entity_id': 'number.pool_heatpump_target_temperature',
      'last_changed': <ANY>,
      'last_reported': <ANY>,
      'last_updated': <ANY>,
      'state': '28',
    }),
    StateSnapshot({
      'attributes': ReadOnlyDict({
        'friendly_name': 'Pool Heatpump Operating mode',
        'options': list([
          'off',
          'heat',
          'cool',
          'heat_cool',
        ]),
      }),
      'context': <ANY>,
      'entity_id': 'select.pool_heatpump_operating_mode',
      'last_changed': <ANY>,
      'last_reported': <ANY>,
      'last_updated': <ANY>,
      'state': 'heat',
    }),
    StateSnapshot({
      'attributes': ReadOnlyDict({
        'friendly_name': 'Pool Heatpump Preset',
        'options': list([
          'none',
          'boost',
          'eco',
        ]),
      }),
      'context': <ANY>,
      'entity_id': 'select.pool_heatpump_preset',
      'last_changed': <ANY>,
      'last_reported': <ANY>,
      'last_updated': <ANY>,
      'state': 'none',
    }),
    StateSnapshot({
      'attributes': ReadOnlyDict({
        'device_class': 'frequency',
        'friendly_name': 'Pool Heatpump Compressor actual frequency',
        'state_class': <SensorStateClass.MEASUREMENT: 'measurement'>,
        'unit_of_measurement': <UnitOfFrequency.HERTZ: 'Hz'>,
      }),
      'context': <ANY>,
      'entity_id': 'sensor.pool_heatpump_compressor_actual_frequency',
      'last_changed': <ANY>,
      'last_reported': <ANY>,
      'last_updated': <ANY>,
      'state': '63',
    }),
    StateSnapshot({
      'attributes': ReadOnlyDict({
        'device_class': 'temperature',
        'friendly_name': 'Pool Heatpump Compressor exhaust temperature',
        'state_class': <SensorStateClass.MEASUREMENT: 'measurement'>,
        'unit_of_measurement': <UnitOfTemperature.CELSIUS: '°C'>,
      }),
      'context': <ANY>,
      'entity_id': 'sensor.pool_heatpump_compressor_exhaust_temperature',
      'last_changed': <ANY>,
      'last_reported': <ANY>,
      'last_updated': <ANY>,
      'state': '65',
    }),
    StateSnapshot({
      'attributes': ReadOnlyDict({
        'device_class': 'temperature',
        'friendly_name': 'Pool Heatpump Compressor return temperature',
        'state_class': <SensorStateClass.MEASUREMENT: 'measurement'>,
        'unit_of_measurement': <UnitOfTemperature.CELSIUS: '°C'>,
      }),
      'context': <ANY>,
      'entity_id': 'sensor.pool_heatpump_compressor_return_temperature',
      'last_changed': <ANY>,
      'last_reported': <ANY>,
      'last_updated': <ANY>,
      'state': '12',
    }),
    StateSnapshot({
      'attributes': ReadOnlyDict({
        'device_class': 'temperature',
        'friendly_name': 'Pool Heatpump Evaporator coil temperature',
        'state_class': <SensorStateClass.MEASUREMENT: 'measurement'>,
        'unit_of_measurement': <UnitOfTemperature.CELSIUS: '°C'>,
      }),
      'context': <ANY>,
      'entity_id': 'sensor.pool_heatpump_evaporator_coil_temperature',
      'last_changed': <ANY>,
      'last_reported': <ANY>,
      'last_updated': <ANY>,
      'state': '18',
    }),
    StateSnapshot({
      'attributes': ReadOnlyDict({
        'device_class': 'enum',
        'friendly_name': 'Pool Heatpump Fault code',
        'options': list([
          'none',
          'E03',
          'E04',
          'E05',
          'E06',
          'E09',
          'E10',
          'P3',
          'P4',
          'P1',
          'P7',
          'unknown',
        ]),
      }),
      'context': <ANY>,
      'entity_id': 'sensor.pool_heatpump_fault_code',
      'last_changed': <ANY>,
      'last_reported': <ANY>,
      'last_updated': <ANY>,
      'state': 'none',
    }),
    StateSnapshot({
      'attributes': ReadOnlyDict({
        'device_class': 'temperature',
        'friendly_name': 'Pool Heatpump Outdoor ambient temperature',
        'state_class': <SensorStateClass.MEASUREMENT: 'measurement'>,
        'unit_of_measurement': <UnitOfTemperature.CELSIUS: '°C'>,
      }),
      'context': <ANY>,
      'entity_id': 'sensor.pool_heatpump_outdoor_ambient_temperature',
      'last_changed': <ANY>,
      'last_reported': <ANY>,
      'last_updated': <ANY>,
      'state': '22',
    }),
    StateSnapshot({
      'attributes': ReadOnlyDict({
        'device_class': 'duration',
        'friendly_name': 'Pool Heatpump Runtime today',
        'state_class': <SensorStateClass.TOTAL_INCREASING: 'total_increasing'>,
        'unit_of_measurement': <UnitOfTime.SECONDS: 's'>,
      }),
      'context': <ANY>,
      'entity_id': 'sensor.pool_heatpump_runtime_today',
      'last_changed': <ANY>,
      'last_reported': <ANY>,
      'last_updated': <ANY>,
      'state': '0.0',
    }),
    StateSnapshot({
      'attributes': ReadOnlyDict({
        'device_class': 'temperature',
        'friendly_name': 'Pool Heatpump Temperature delta',
        'state_class': <SensorStateClass.MEASUREMENT: 'measurement'>,
        'unit_of_measurement': <UnitOfTemperature.CELSIUS: '°C'>,
      }),
      'context': <ANY>,
      'entity_id': 'sensor.pool_heatpump_temperature_delta',
      'last_changed': <ANY>,
      'last_reported': <ANY>,
      'last_updated': <ANY>,
      'state': '2',
    }),
    StateSnapshot({
      'attributes': ReadOnlyDict({
        'device_class': 'temperature',
        'friendly_name': 'Pool Heatpump Water inlet temperature',
        'state_class': <SensorStateClass.MEASUREMENT: 'measurement'>,
        'unit_of_measurement': <UnitOfTemperature.CELSIUS: '°C'>,
      }),
      'context': <ANY>,
      'entity_id': 'sensor.pool_heatpump_water_inlet_temperature',
      'last_changed': <ANY>,
      'last_reported': <ANY>,
      'last_updated': <ANY>,
      'state': '26',
    }),
    StateSnapshot({
      'attributes': ReadOnlyDict({
        'device_class': 'temperature',
        'friendly_name': 'Pool Heatpump Water outlet temperature',
        'state_class': <SensorStateClass.MEASUREMENT: 'measurement'>,
        'unit_of_measurement': <UnitOfTemperature.CELSIUS: '°C'>,
      }),
      'context': <ANY>,
      'entity_id': 'sensor.pool_heatpump_water_outlet_temperature',
      'last_changed': <ANY>,
      'last_reported': <ANY>,
      'last_updated': <ANY>,
      'state': '28',
    }),
    StateSnapshot({
      'attributes': ReadOnlyDict({
        'friendly_name': 'Pool Heatpump Power',
      }),
      'context': <ANY>,
      'entity_id': 'switch.pool_heatpump_power',
      'last_changed': <ANY>,
      'last_reported': <ANY>,
      'last_updated': <ANY>,
      'state': 'on',
    }),
  ])
# ---
